[2026-08-02T11:23:15.295130] DISPATCH TO: ajayyv.23ds@saividya.ac.in | SUBJECT: St. Jude Hospital Security - Password Reset OTP Code | OTP: 9B2A40
[2026-08-02T11:23:58.367690] DISPATCH TO: ajayyv.23ds@saividya.ac.in | SUBJECT: St. Jude Hospital Security - Password Reset OTP Code | OTP: B77C0D
[2026-08-02T11:26:46.996088] DISPATCH TO: ajayyv576@gmail.com | SUBJECT: St. Jude Hospital Security - Password Reset OTP Code | OTP: 22D96F
[2026-08-02T11:37:00.231927] DISPATCH TO: ajayyv.23ds@saividya.ac.in | SUBJECT: St. Jude Hospital Security - Password Reset OTP Code | OTP: 27030F
[2026-08-02T11:38:25.622982] DISPATCH TO: ajayyv576@gmail.com | SUBJECT: St. Jude Hospital Security - Password Reset OTP Code | OTP: D514DE
[2026-08-02T11:43:36.003593] DISPATCH TO: ajayyv1432@gmail.com | SUBJECT: St. Jude Hospital Security - Password Reset OTP Code | OTP: 61E266
[2026-08-02T21:27:07.531037] DISPATCH TO: doctor@stjude.org | SUBJECT: Healthcare Security Portal - Password Reset OTP Code | OTP: 929DC7
[2026-08-02T21:27:49.611018] DISPATCH TO: doctor@stjude.org | SUBJECT: Healthcare Security Portal - Password Reset OTP Code | OTP: 5A83BC
[2026-08-02T21:51:30.244247] DISPATCH TO: ajayyv565@gmail.com | SUBJECT: Healthcare Security Portal - Password Reset OTP Code | OTP: 4CED72
[2026-08-02T21:52:03.779922] DISPATCH TO: ajayyv576@gmail.com | SUBJECT: Healthcare Security Portal - Password Reset OTP Code | OTP: 9CB2CE
[2026-08-03T15:20:11.895330] DISPATCH TO: doctor@stjude.org | SUBJECT: Healthcare Security Portal - Password Reset OTP Code | OTP: D8244E
[2026-08-03T15:21:11.488931] DISPATCH TO: doctor@stjude.org | SUBJECT: Healthcare Security Portal - Password Reset OTP Code | OTP: C0BA7E
[2026-08-03T15:33:40.780244] DISPATCH TO: doctor@stjude.org | SUBJECT: Healthcare Security Portal - Password Reset OTP Code | OTP: 991C84
[2026-08-03T15:35:32.137653] DISPATCH TO: doctor@stjude.org | SUBJECT: Healthcare Security Portal - Password Reset OTP Code | OTP: F1608B
[2026-08-03T16:36:46.635573] DISPATCH TO: doctor@stjude.org | SUBJECT: Healthcare Security Portal - Password Reset OTP Code | OTP: 12231D
[2026-08-03T16:53:30.516832] DISPATCH TO: myrealmobile@gmail.com | SUBJECT: Healthcare Security Portal - Password Reset OTP Code | OTP: 47A32F
[2026-08-03T17:21:48.999953] DISPATCH TO: myrealmobile@gmail.com | SUBJECT: Healthcare Security Portal - Password Reset OTP Code | OTP: 4663B5
[2026-08-03T17:33:52.412533] DISPATCH TO: myrealmobile@gmail.com | SUBJECT: Healthcare Security Portal - Password Reset OTP Code | OTP: DB19FE
[2026-08-03T17:38:47.518410] DISPATCH TO: myrealmobile@gmail.com | SUBJECT: Healthcare Security Portal - Password Reset OTP Code | OTP: 69B268
[2026-08-03T17:43:25.109824] DISPATCH TO: myrealmobile@gmail.com | SUBJECT: Healthcare Security Portal - Password Reset OTP Code | OTP: 648780
[2026-08-03T19:23:18.315055] DISPATCH TO: myrealmobile@gmail.com | SUBJECT: Healthcare Security Portal - Password Reset OTP Code | OTP: 8DECCB
[2026-08-03T19:25:24.649193] DISPATCH TO: myrealmobile@gmail.com | SUBJECT: Healthcare Security Portal - Password Reset OTP Code | OTP: B22401
[2026-08-03T20:52:23.335256] DISPATCH TO: doctor@stjude.org | SUBJECT: Healthcare Security Portal - Password Reset OTP Code | OTP: 3A63BE
[2026-08-03T21:06:31.944926] DISPATCH TO: doctor@stjude.org | SUBJECT: Healthcare Security Portal - Password Reset OTP Code | OTP: C677C0
[2026-08-03T23:25:33.688722] DISPATCH TO: myuser@example.com | SUBJECT: Healthcare Security Portal - Password Reset OTP Code | OTP: A24123
[2026-08-03T23:26:30.802169] DISPATCH TO: ajayyv576@gmail.com | SUBJECT: Healthcare Security Portal - Password Reset OTP Code | OTP: EC5176
[2026-08-03T23:26:35.836924] DISPATCH TO: ajayyv576@gmail.com | SUBJECT: Healthcare Security Portal - Password Reset OTP Code | OTP: 0A6B7A
[2026-08-03T23:26:35.889321] DISPATCH TO: ajayyv576@gmail.com | SUBJECT: Healthcare Security Portal - Password Reset OTP Code | OTP: 22DDA8
[2026-08-03T23:26:35.902158] DISPATCH TO: ajayyv576@gmail.com | SUBJECT: Healthcare Security Portal - Password Reset OTP Code | OTP: 003852
[2026-08-03T23:26:35.923928] DISPATCH TO: ajayyv576@gmail.com | SUBJECT: Healthcare Security Portal - Password Reset OTP Code | OTP: CF0322
[2026-08-03T23:29:36.492466] DISPATCH TO: myuser@example.com | SUBJECT: Healthcare Security Portal - Password Reset OTP Code | OTP: 1FD091
[2026-08-03T23:30:32.712721] DISPATCH TO: ajayyv576@gmail.com | SUBJECT: Healthcare Security Portal - Password Reset OTP Code | OTP: 91F016
[2026-08-03T23:30:41.906008] DISPATCH TO: ajayyv576@gmail.com | SUBJECT: Healthcare Security Portal - Password Reset OTP Code | OTP: C0B56A
[2026-08-03T23:30:41.933742] DISPATCH TO: ajayyv576@gmail.com | SUBJECT: Healthcare Security Portal - Password Reset OTP Code | OTP: 503273
[2026-08-03T23:30:41.974138] DISPATCH TO: ajayyv576@gmail.com | SUBJECT: Healthcare Security Portal - Password Reset OTP Code | OTP: BE77C5
[2026-08-03T23:30:41.998730] DISPATCH TO: ajayyv576@gmail.com | SUBJECT: Healthcare Security Portal - Password Reset OTP Code | OTP: F0F812
[2026-08-03T23:30:42.041796] DISPATCH TO: ajayyv576@gmail.com | SUBJECT: Healthcare Security Portal - Password Reset OTP Code | OTP: 1020DE
[2026-08-03T23:30:45.607105] DISPATCH TO: ajayyv576@gmail.com | SUBJECT: Healthcare Security Portal - Password Reset OTP Code | OTP: 3A6C01
[2026-08-03T23:36:23.442834] DISPATCH TO: ajayyv576@gmail.com | SUBJECT: Healthcare Security Portal - Password Reset OTP Code | OTP: 6035FF
[2026-08-03T23:37:48.875519] DISPATCH TO: ajayyv.23ds@saividya.ac.in | SUBJECT: Healthcare Security Portal - Password Reset OTP Code | OTP: F1699D
[2026-08-03T23:37:48.935169] DISPATCH TO: ajayyv.23ds@saividya.ac.in | SUBJECT: Healthcare Security Portal - Password Reset OTP Code | OTP: 7B0286
[2026-08-03T23:37:48.987519] DISPATCH TO: ajayyv.23ds@saividya.ac.in | SUBJECT: Healthcare Security Portal - Password Reset OTP Code | OTP: 1193AE
[2026-08-03T23:37:49.027049] DISPATCH TO: ajayyv.23ds@saividya.ac.in | SUBJECT: Healthcare Security Portal - Password Reset OTP Code | OTP: D5C7BB
[2026-08-03T23:39:15.875019] DISPATCH TO: ajayyv.23ds@saividya.ac.in | SUBJECT: Healthcare Security Portal - Password Reset OTP Code | OTP: 164A59
[2026-08-03T23:40:04.513152] DISPATCH TO: ajayyv1432@gmail.com | SUBJECT: Healthcare Security Portal - Password Reset OTP Code | OTP: 2E50D7
[2026-08-03T23:40:04.586267] DISPATCH TO: ajayyv1432@gmail.com | SUBJECT: Healthcare Security Portal - Password Reset OTP Code | OTP: B5DAF2
[2026-08-03T23:40:04.639804] DISPATCH TO: ajayyv1432@gmail.com | SUBJECT: Healthcare Security Portal - Password Reset OTP Code | OTP: AD1762
[2026-08-04T06:31:41.337287] DISPATCH TO: ajayyv576@gmail.com | SUBJECT: Healthcare EHR Security Portal - Reset Password Request | LINK: http://localhost:5174?reset_token=44CB7B&email=ajayyv576@gmail.com
